length =      985

length =     1813

length =      496

length =      719

length =      380

length =      785

length =      384

length =      163

length =      177

length =     1499

length =      760

length =     1021

length =      108

length =     1705

length =      747

length =      225

length =      655

length =      144

length =      226

length =      292

length =      498

length =     2343

length =      558

length =      669

length =      272

length =     1002

length =      352

length =      608

length =      138

length =      241

length =      161

length =      901

length =      488

length =     1067

length =      286

length =      416

length =      354

length =      238

length =     1348

length =      338

length =      232

length =     1049

length =     1318

length =      437

length =      300

length =      218

length =      464

length =      273

length =      272

length =      366

length =      207

length =      167

length =      165

length =      631

length =      593

length =      264

length =       77

length =      440

length =      169

length =      507

length =      514

length =      168

length =      280

length =      433

length =      127

length =      193

length =      447

length =       94

length =      495

length =      220

length =      139

length =      508

length =       88

length =      124

length =      197

length =      176

length =      566

length =      159

length =      181

length =      373

length =       79

length =      377

length =      218

length =       65

length =       65

length =      268

length =      193

length =      374

length =      399

length =      624

length =      214

length =      255

length =      162

length =      674

length =      934

length =      643

length =      174

length =     1401

length =      330

length =       65

length =      242

length =      657

length =      381

length =      259

length =      390

length =      332

length =      476

length =       78

length =      628

length =      909

length =      829

length =      543

length =      310

length =      664

length =      313

length =      600

length =      257

length =      378

length =      786

length =      349

length =      176

length =      810

length =      586

length =      716

length =      447

length =       87

length =      437

length =      299

length =      526

length =      350

length =      314

length =      316

length =      316

length =      317

length =      314

length =      418

length =      651

length =      300

length =       69

length =      231

length =      484

length =      817

length =      283

length =      761

length =      552

length =      468

length =      537

length =      693

length =      296

length =      286

length =      726

length =      157

length =      750

length =      561

length =      260

length =      750

length =      122

length =      186

length =      591

length =      207

length =      124

length =      103

length =      873

length =      308

length =      172

length =      322

length =      153

length =      176

length =      155

length =      474

length =     1330

length =      159

length =     1011

length =      397

length =      929

length =      376

length =      349

length =      147

length =      964

length =     1022

length =      549

length =      561

length =      191

length =      108

length =      218

length =      577

length =      254

length =      162

length =      181

length =      419

length =      290

length =      513

length =      288

length =      550

length =      138

length =      336

length =      315

length =      456

length =      699

length =      459

length =      383

length =      424

length =      300

length =      622

length =     1630

length =      221

length =      778

length =      320

length =      362

length =      571

length =      447

length =      262

length =      531

length =      570

length =      975

length =      844

length =      343

length =      702

length =     1114

length =      318

length =      492

length =      571

length =      242

length =      534

length =      143

length =      653

length =      194

length =      864

length =     1159

length =      593

length =       65

length =       65

length =      336

length =      464

length =      775

length =      294

length =     1048

length =     1012

length =      969

length =      555

length =      531

length =      187

length =      149

length =      438

length =       92

length =      256

length =      329

length =      180

length =      913

length =     1015

length =      581

length =      193

length =      392

length =      437

length =      214

length =      342

length =     1414

length =      444

length =       77

length =     1888

length =        0

length =      345

length =      207

length =      669

length =      294

length =      443

length =      749

length =      755

length =      575

length =      329

length =      265

length =     1417

length =      272

length =      942

length =      104

length =      237

length =      384

length =      473

length =      316

length =      164

length =      231

length =      193

length =      146

length =      383

length =       40

length =      466

length =      163

length =      671

length =       99

length =      182

length =      860

length =      564

length =     1346

length =     1259

length =     1442

length =      421

length =      345

length =      592

length =       19

length =      462

length =      219

length =      573

length =     1310

length =     1310

length =      656

length =      493

length =      346

length =      613

length =      397

length =      925

length =      140

length =      381

length =      284

length =     1645

length =      315

length =      280

length =      861

length =     1014

length =      137

length =      475

length =      470

length =      288

length =      807

length =     1773

length =      197

length =      427

length =      694

length =      286

length =      884

length =     1046

length =      115

length =      412

length =      334

length =      711

length =     1107

length =      366

length =      204

length =      300

length =      366

length =      274

length =      523

length =      797

length =     1876

length =      612

length =      813

length =      302

length =     1122

length =      755

length =      400

length =      762

length =      485

length =      749

length =      458

length =      495

length =      677

length =       95

length =      631

length =      819

length =      159

length =      225

length =      307

length =      119

length =      742

length =      603

length =     1888

length =      507

length =      229

length =      906

length =      236

length =      773

length =      311

length =      259

length =       96

length =      225

length =      305

length =      136

length =      419

length =      763

length =     1859

length =      911

length =       21

length =      223

length =      238

length =      293

length =      496

length =      140

length =      883

length =      239

length =      206

length =       56

length =      354

length =      124

length =      151

length =      720

length =      152

length =      222

length =      849

length =      262

length =      140

length =      133

length =      138

length =     1135

length =      373

length =      380

length =      295

length =      337

length =      694

length =      814

length =      134

length =       37

length =     3942

length =     1195

length =      476

length =      556

length =     1077

length =     2180

length =     2972

length =     3016

length =      964

length =      414

length =     1064

length =      833

length =     2514

length =      457

length =      928

length =      533

length =      124

length =      242

length =     1647

length =     1176

length =      249

length =      164

length =      584

length =      266

length =      308

length =      495

length =      699

length =      878

length =      791

length =     4683

length =      492

length =      551

length =      437

length =      469

length =      990

length =      646

length =      749

length =      892

length =      430

length =      493

length =      252

length =      208

length =      860

length =      195

length =      688

length =      647

length =      284

length =      253

length =      463

length =      348

length =      377

length =      230

length =      546

length =     1048

length =     1048

length =      607

length =      307

length =      191

length =      313

length =      478

length =      265

length =      328

length =      405

length =      166

length =      349

length =      451

length =      417

length =      713

length =      579

length =      465

length =      547

length =      593

length =      464

length =      199

length =       37

length =      825

length =      328

length =      601

length =      232

length =      125

length =      453

length =      681

length =      902

length =      256

length =      430

length =      958

length =       71

length =      530

length =      753

length =      556

length =      860

length =     1110

length =      206

length =      136

length =      433

length =       65

length =      660

length =      324

length =      337

length =      956

length =      749

length =      442

length =      150

length =        0

length =      325

length =      394

length =      343

length =      346

length =      501

length =      606

length =      212

length =      203

length =      269

length =      132

length =      110

length =       40

length =      176

length =      783

length =      472

length =      379

length =      378

length =      427

length =      107

length =      422

length =      816

length =      265

length =       74

length =      911

length =       61

length =        0

length =      866

length =      130

length =      467

length =      204

length =      418

length =     1411

length =     1325

length =     1409

length =     1319

length =     1305

length =     1319

length =      388

length =     1038

length =      590

length =      630

length =      771

length =      650

length =      885

length =      555

length =      763

length =      756

length =      184

length =      369

length =      683

length =      642

length =      771

length =       89

length =      264

length =      544

length =      544

length =      436

length =      436

length =      542

length =      542

length =      434

length =      434

length =      450

length =      450

length =      436

length =      436

length =      668

length =      161

length =       22

length =      350

length =      391

length =      621

length =      874

length =      325

length =      769

length =      242

length =      586

length =     1084

length =     1050

length =      607

length =     1014

length =      346

length =      481

length =      780

length =      782

length =      769

length =      814

length =     1069

length =     1151

length =     1151

length =     1018

length =     1018

length =     1150

length =     1150

length =     1016

length =     1016

length =     1032

length =     1032

length =     1018

length =     1018

length =     1398

length =      231

length =      143

length =      240

length =      633

length =      953

length =     1357

length =      692

length =      141

length =        0

length =     1042

length =     1567

length =     1567

length =     1435

length =     1435

length =     1566

length =     1566

length =     1432

length =     1432

length =     1448

length =     1448

length =     1434

length =     1434

length =      200

length =     1078

length =      814

length =       26

length =      991

length =      355

length =      900

length =      796

length =      880

length =      286

length =      355

length =      263

length =      991

length =     1019

length =      698

length =      878

length =      318

length =      170

length =      530

length =       82

length =      238

length =      337

length =      410

length =      226

length =     1031

length =      294

length =      255

length =      584

length =      182

length =      589

length =     1165

length =      424

length =      677

length =      238

length =       61

length =      238

length =      262

length =      842

length =      496

length =      191

length =     1934

length =      766

length =      888

length =      494

length =      520

length =      478

length =       80

length =      769

length =      415

length =      610

length =     1412

length =      185

length =      752

length =      485

length =      308

length =       31

length =      707

length =      473

length =      886

length =     1249

length =      183

length =      745

length =      129

length =      272

length =      202

length =      504

length =      510

length =      680

length =      510

length =      169

length =      798

length =      627

length =      850

length =      311

length =      367

length =      720

length =      336

length =      272

length =      634

length =      385

length =     1153

length =      233

length =      354

length =      486

length =     1055

length =     1089

length =      322

length =       37

length =      282

length =      282

length =      282

length =      236

length =      721

length =      400

length =     1721

length =      476

length =     1075

length =      522

length =      235

length =      242

length =     2061

length =      846

length =      522

length =      136

length =      361

length =      533

length =      964

length =      924

length =       60

length =      904

length =      198

length =      204

length =      770

length =      147

length =      605

length =      394

length =      185

length =      902

length =      578

length =     1041

length =      760

length =      118

length =      167

length =      326

length =       79

length =      167

length =      159

length =      178

length =      491

length =      176

length =      677

length =      569

length =      294

length =      390

length =      421

length =      460

length =      421

length =      362

length =      191

length =      257

length =      422

length =      107

length =      531

length =      381

length =      418

length =      138

length =       91

length =      172

length =      515

length =      211

length =      205

length =     1003

length =      277

length =       94

length =      451

length =       64

length =      782

length =      393

length =      486

length =      500

length =      430

length =      139

length =      150

length =      261

length =      713

length =      932

length =      670

length =      497

length =       95

length =      685

length =      245

length =       65

length =       65

length =      233

length =       65

length =       43

length =      143

length =     1119

length =      321

length =      234

length =      206

length =      673

length =      404

length =      339

length =      333

length =      374

length =     1121

length =     1051

length =     1294

length =      164

length =     1180

length =      205

length =      419

length =      392

length =      732

length =      692

length =       92

length =      558

length =      582

length =     3081

length =      594

length =     1426

length =      475

length =      858

length =       88

length =      286

length =      222

length =      200

length =      821

length =      243

length =      432

length =      684

length =      962

length =      306

length =      519

length =     1115

length =      256

length =      804

length =      202

length =      476

length =      491

length =       78

length =      207

length =      645

length =     2288

length =      121

length =      964

length =     1018

length =      441

length =       93

length =      321

length =      201

length =      282

length =      793

length =      415

length =       93

length =     1089

length =     4646

length =      775

length =      329

length =      149

length =      285

length =      394

length =      105

length =      168

length =      116

length =      528

length =      809

length =      374

length =      226

length =      185

length =      243

length =      590

length =      235

length =      290

length =      315

length =      245

length =      102

length =      373

length =      643

length =      274

length =      367

length =       69

length =      406

length =      508

length =      121

length =      370

length =      729

length =      733

length =      384

length =      387

length =      302

length =      595

length =      251

length =       39

length =       46

length =       41

length =      319

length =      358

length =      455

length =      143

length =      810

length =      988

length =      792

length =     1102

length =      266

length =       42

length =      483

length =      690

length =      212

length =      268

length =      596

length =      287

length =     1078

length =      973

length =      503

length =     1254

length =      158

length =      940

length =      351

length =      374

length =      158

length =      227

length =      340

length =      175

length =      307

length =      166

length =      652

length =     1199

length =      264

length =      247

length =       50

length =      216

length =      682

length =      237

length =      153

length =      615

length =     1014

length =      612

length =      501

length =      225

length =      580

length =      472

length =      150

length =      306

length =      162

length =       94

length =      267

length =      725

length =     1087

length =      298

length =      407

length =      308

length =     1769

length =     1003

length =      239

length =      519

length =      147

length =      117

length =      175

length =      173

length =      101

length =      596

length =      416

length =      216

length =      285

length =      310

length =       85

length =      275

length =      322

length =      250

length =      336

length =      802

length =      307

length =      159

length =      214

length =      286

length =       69

length =      202

length =      112

length =       46

length =      489

length =      144

length =      393

length =      309

length =      266

length =      301

length =      233

length =      346

length =      376

length =      255

length =       81

length =      330

length =      341

length =      619

length =      406

length =      534

length =      645

length =      538

length =       30

length =      383

length =      187

length =      602

length =      469

length =       33

length =      542

length =      266

length =      288

length =     2241

length =      589

length =      808

length =      131

length =       93

length =     1100

length =      781

length =      396

length =      973

length =      203

length =      905

length =      723

length =      632

length =      304

length =      914

length =      209

length =     1582

length =      834

length =      152

length =        0

length =        0

length =      812

length =      835

length =      216

length =      670

length =      874

length =      106

length =     1209

length =      598

length =      403

length =       48

length =      236

length =      719

length =      199

length =      227

length =      310

length =       41

length =       40

length =      242

length =     1073

length =      480

length =      274

length =      704

length =      299

length =       44

length =     1362

length =      291

length =      515

length =      958

length =       65

length =       65

length =      285

length =      183

length =      294

length =      127

length =      662

length =      111

length =      128

length =      822

length =      110

length =      509

length =      234

length =      861

length =    10785

length =      404

length =     1156

length =       32

length =     1024

length =      218

length =     1097

length =      556

length =      645

length =      520

length =      764

length =      196

length =      502

length =      247

length =      561

length =      178

length =      244

length =      730

length =      816

length =      992

length =      206

length =      441

length =      143

length =      915

length =      607

length =      320

length =      361

length =      422

length =      201

length =      541

length =      746

length =       48

length =      644

length =       90

length =      484

length =      510

length =      726

length =      991

length =      787

length =      503

length =     1098

length =      206

length =      608

length =      598

length =      404

length =      108

length =     1998

length =      353

length =      584

length =      987

length =      521

length =      224

length =      918

length =      472

length =      268

length =      162

length =      455

length =      137

length =      421

length =      801

length =      773

length =      298

length =      263

length =      407

length =      673

length =      417

length =      176

length =      726

length =      961

length =      158

length =      540

length =      461

length =      315

length =      182

length =      673

length =      292

length =      269

length =      270

length =      182

length =      836

length =      507

length =       81

length =      873

length =       48

length =      506

length =     1151

length =      730

length =      328

length =       24

length =      773

length =      204

length =      546

length =      246

length =      687

length =       87

length =      516

length =      317

length =      154

length =      723

length =      301

length =      558

length =      768

length =      749

length =       95

length =      355

length =      120

length =      441

length =      438

length =      357

length =      403

length =      179

length =      444

length =      306

length =      352

length =      237

length =      165

length =      111

length =      441

length =      150

length =      681

length =      478

length =      968

length =      562

length =      153

length =      759

length =      348

length =      203

length =      194

length =       83

length =      772

length =      191

length =      655

length =      100

length =      631

length =      815

length =      540

length =      313

length =      286

length =      468

length =      516

length =      166

length =      161

length =       76

length =      815

length =      294

length =      913

length =      355

length =      222

length =      565

length =      773

length =      633

length =      404

length =      271

length =      883

length =        0

length =      546

length =      742

length =        0

length =      148

length =     1203

length =        0

length =     1228

length =      573

length =      143

length =        0

length =        0

length =     1038

length =        0

length =      392

length =      263

length =      326

length =      605

length =      693

length =      737

length =      223

length =      451

length =      108

length =      623

length =        0

length =      685

length =      263

length =      637

length =      700

length =      382

length =      294

length =        0

length =        0

length =        0

length =      130

length =      877

length =      436

length =      229

length =      241

length =      994

length =        0

length =        0

length =        0

length =        0

length =        0

length =      270

length =      374

length =        0

length =        0

length =       39

length =      355

length =        0

length =      334

length =      206

length =        0

length =        0

length =      294

length =      200

length =        0

length =        0

length =      836

length =      379

length =      553

length =      479

length =        0

length =        0

length =        0

length =      703

length =     1412

length =      152

length =      877

length =      205

length =      288

length =      762

length =        0

length =      727

length =     3001

length =     1398

length =      604

length =      341

length =      621

length =      268

length =      119

length =      221

length =        0

length =      181

length =      219

length =        0

length =      803

length =      871

length =     1182

length =     2036

length =      571

length =      730

length =     1376

length =      597

length =     1816

length =      772

length =      713

length =        0

length =      271

length =      948

length =      430

length =      489

length =     1022

length =        0

length =        0

length =      325

length =        0

length =      374

length =     1078

length =      448

length =      395

length =      179

length =        0

length =      198

length =      621

length =      468

length =      768

length =      321

length =      165

length =       20

length =        0

length =     1831

length =        0

length =      247

length =       54

length =      717

length =        0

length =        0

length =      267

length =      559

length =      120

length =        0

length =      432

length =      377

length =        0

length =        0

length =      170

length =      338

length =      283

length =      104

length =      686

length =      151

length =      546

length =      608

length =      376

length =        0

length =      225

length =      321

length =      857

length =      357

length =      339

length =      392

length =      357

length =      674

length =        0

length =      246

length =      640

length =        0

length =      439

length =        0

length =      401

length =      989

length =      536

length =      199

length =      473

length =      309

length =      299

length =        0

length =      442

length =      799

length =      322

length =        0

length =       65

length =      204

length =      520

length =      131

length =       91

length =      173

length =      580

length =      390

length =      511

length =      369

length =        0

length =      357

length =      356

length =      143

length =      430

length =      267

length =        0

length =      304

length =      968

length =      114

length =      147

length =      171

length =      972

length =      205

length =      158

length =        0

length =      418

length =      689

length =      463

length =      448

length =      183

length =      782

length =      730

length =      310

length =      348

length =      464

length =      608

length =      435

length =      450

length =      474

length =      414

length =      242

length =       43

length =      517

length =      114

length =      195

length =      723

length =      284

length =       65

length =      124

length =      306

length =       83

length =      235

length =      569

length =      400

length =      400

length =      261

length =      233

length =      778

length =      223

length =      181

length =      742

length =       57

length =     1255

length =      132

length =      161

length =      128

length =      731

length =     1147

length =      614

length =      645

length =      641

length =      727

length =      625

length =      937

length =      236

length =      579

length =      464

length =      382

length =      442

length =       97

length =      264

length =      254

length =      782

length =      495

length =      371

length =      371

length =       93

length =      311

length =      601

length =      328

length =      539

length =      309

length =      500

length =      282

length =      375

length =      260

length =      501

length =      644

length =      517

length =      576

length =      329

length =      273

length =      842

length =      167

length =      508

length =        0

length =      819

length =      285

length =      466

length =      216

length =      344

length =     1110

length =      126

length =     1020

length =      814

length =     1089

length =     1149

length =     2984

length =      835

length =      312

length =      818

length =      885

length =      305

length =      793

length =      765

length =      432

length =      658

length =      322

length =      811

length =        0

length =      811

length =      829

length =      191

length =      822

length =      286

length =      531

length =      637

length =      612

length =      405

length =      489

length =      387

length =      456

length =        0

length =      992

length =        0

length =      210

length =      169

length =     1116

length =       87

length =     1131

length =      995

length =      574

length =      288

length =      314

length =      895

length =      811

length =      984

length =      778

length =     1839

length =      540

length =      687

length =      960

length =      734

length =      949

length =      987

length =      749

length =      814

length =        0

length =      829

length =      511

length =      464

length =      278

length =      245

length =      546

length =      524

length =      734

length =      426

length =     1131

length =      283

length =      275

length =      748

length =     1123

length =      709

length =      683

length =        0

length =      583

length =      233

length =      531

length =      826

length =      847

length =      187

length =      423

length =      617

length =      870

length =      937

length =      323

length =      200

length =      636

length =     1046

length =      287

length =      998

length =     1060

length =     1088

length =      211

length =      723

length =      115

length =      927

length =        0

length =        0

length =      984

length =      278

length =        0

length =      256

length =      788

length =      325

length =      890

length =        0

length =       31

length =      313

length =      213

length =      778

length =      236

length =      152

length =      770

length =      456

length =      620

length =     2786

length =      430

length =     1098

length =      576

length =     1581

length =      281

length =      316

length =     1213

length =      698

length =     1164

length =     1812

length =      396

length =      626

length =     1189

length =      610

length =      223

length =      666

length =      221

length =      356

length =      346

length =      339

length =      385

length =      976

length =      742

length =      599

length =      496

length =      627

length =      768

length =      298

length =      195

length =       56

length =      323

length =       62

length =      483

length =      935

length =      770

length =      313

length =      162

length =      322

length =      643

length =       30

length =       35

length =      432

length =     1253

length =      765

length =      487

length =      117

length =      384

length =      109

length =     2131

length =      334

length =      315

length =      799

length =      402

length =      595

length =      322

length =      393

length =     1305

length =     2263

length =     1042

length =     1316

length =      597

length =      749

length =      404

length =      457

length =      594

length =      839

length =      109

length =       84

length =        0

length =        0

length =        0

length =        0

length =     2363

length =      723

length =      923

length =      533

length =     1234

length =      208

length =       65

length =      347

length =      359

length =      164

length =      978

length =      560

length =      241

length =      319

length =      319

length =      283

length =      283

length =      473

length =      666

length =      921

length =      879

length =      855

length =      588

length =      175

length =      237

length =      980

length =      261

length =      216

length =      263

length =      238

length =      538

length =      109

length =      279

length =      137

length =      283

length =      369

length =      405

length =      844

length =      809

length =        0

length =      622

length =     1185

length =      322

length =      361

length =     2319

length =      574

length =      517

length =     1010

length =      412

length =      779

length =      365

length =      961

length =      609

length =      889

length =      408

length =     2000

length =      268

length =       22

length =     1325

length =      447

length =      629

length =      147

length =     1795

length =      825

length =      230

length =      331

length =      484

length =     1096

length =      864

length =      283

length =      418

length =      778

length =      464

length =      440

length =      600

length =      922

length =      558

length =     1221

length =      574

length =      422

length =      462

length =      579

length =      669

length =     1368

length =      449

length =      898

length =     1069

length =      535

length =      270

length =      784

length =      595

length =      770

length =       72

length =      204

length =      597

length =      903

length =      604

length =       69

length =      199

length =      765

length =      375

length =      466

length =      113

length =      532

length =      973

length =      604

length =      534

length =      846

length =      451

length =      358

length =      434

length =      311

length =      577

length =       94

length =      157

length =      808

length =      406

length =      154

length =      155

length =      155

length =      155

length =      151

length =      151

length =      151

length =       51

length =      608

length =      243

length =      445

length =      222

length =      912

length =      218

length =      778

length =      363

length =      332

length =      309

length =     1033

length =      604

length =       27

length =      368

length =      766

length =      573

length =      386

length =      515

length =      213

length =     1273

length =      136

length =      153

length =     1114

length =      875

length =      568

length =      257

length =      397

length =      227

length =      331

length =      598

length =      185

length =      642

length =      237

length =      167

length =      191

length =       18

length =       25

length =      880

length =      517

length =      257

length =      424

length =      338

length =       43

length =      616

length =      367

length =      115

length =       65

length =       65

length =      619

length =       23

length =      140

length =      337

length =      260

length =      547

length =      587

length =     1138

length =      421

length =      326

length =      676

length =      737

length =      471

length =      296

length =      540

length =      287

length =     1539

length =      696

length =      235

length =      218

length =       97

length =      473

length =      107

length =      450

length =      277

length =      226

length =      198

length =      365

length =      135

length =      512

length =       31

length =      250

length =      407

length =      961

length =      431

length =      376

length =      136

length =      787

length =     1003

length =      147

length =      946

length =     1146

length =      328

length =       59

length =       57

length =      369

length =      231

length =       48

length =      710

length =      146

length =      367

length =      488

length =      323

length =      119

length =      209

length =      305

length =      209

length =     1332

length =      413

length =      894

length =      922

length =      420

length =      189

length =      996

length =      258

length =      255

length =      178

length =      232

length =      233

length =      308

length =      159

length =      787

length =      399

length =      491

length =      868

length =      174

length =      859

length =      392

length =      396

length =       69

length =      836

length =      755

length =      421

length =     1257

length =      211

length =       30

length =      321

length =     1184

length =      489

length =      148

length =      231

length =      385

length =      281

length =     1158

length =     1137

length =      192

length =      557

length =      519

length =      567

length =       99

length =       64

length =      151

length =      995

length =     1151

length =      186

length =      465

length =      176

length =     1025

length =      226

length =      585

length =      383

length =       93

length =      686

length =      207

length =       61

length =     1055

length =      195

length =      435

length =      772

length =      344

length =      391

length =      269

length =      838

length =      311

length =      228

length =      497

length =      453

length =      135

length =      267

length =      656

length =      750

length =       76

length =       84

length =      101

length =       79

length =       83

length =       78

length =        0

length =      101

length =      546

length =        0

length =        0

length =      404

length =      419

length =      339

length =      419

length =     1314

length =     1279

length =      156

length =      128

length =     1219

length =        0

length =      234

length =     1084

length =     1332

length =      170

length =      493

length =      999

length =      397

length =      499

length =      153

length =       25

length =        0

length =      351

length =        0

length =      718

length =      347

length =      684

length =     1021

length =     1413

length =      138

length =     1116

length =      339

length =      178

length =      670

length =      367

length =        0

length =     1102

length =      866

length =      507

length =      802

length =     1279

length =      684

length =      349

length =        0

length =      910

length =      437

length =      295

length =      210

length =      764

length =        0

length =      452

length =      372

length =      856

length =      712

length =      286

length =      365

length =     1844

length =      715

length =      551

length =      945

length =        0

length =        0

length =      102

length =        0

length =        0

length =        0

length =        0

length =     1410

length =     1057

length =      227

length =      590

length =      282

length =      311

length =      950

length =      459

length =      236

length =      363

length =      679

length =      580

length =      262

length =      982

length =      846

length =      728

length =        0

length =        0

length =        0

length =     1224

length =     2238

length =      464

length =      555

length =      433

length =      388

length =     1093

length =      403

length =      804

length =      419

length =      526

length =      203

length =      454

length =      244

length =     1425

length =      385

length =      552

length =      268

length =      234

length =      313

length =      282

length =       83

length =      158

length =      476

length =      933

length =     1228

length =      157

length =     1343

length =      185

length =      831

length =      187

length =      982

length =      119

length =      338

length =      720

length =      747

length =      140

length =      757

length =      811

length =      154

length =      253

length =      254

length =      843

length =     1934

length =      905

length =      249

length =      389

length =      641

length =      698

length =      379

length =      256

length =      370

length =      752

length =     1078

length =      299

length =      430

length =      188

length =     1222

length =     4950

length =      999

length =      476

length =      479

length =      460

length =      706

length =     2008

length =      724

length =      889

length =      671

length =      615

length =     1841

length =      105

length =      424

length =     1048

length =       76

length =      613

length =      397

length =      636

length =     1381

length =      245

length =      605

length =      349

length =       77

length =      890

length =      351

length =      322

length =        0

length =      755

length =      590

length =      596

length =      608

length =      216

length =      280

length =      323

length =      680

length =      653

length =      509

length =      457

length =       70

length =      343

length =      255

length =      404

length =     1102

length =      266

length =       27

length =      509

length =      509

length =      532

length =      648

length =      146

length =      355

length =     1939

length =      102

length =      427

length =      401

length =      771

length =      585

length =      166

length =      516

length =      127

length =      614

length =     1149

length =      433

length =      128

length =       94

length =      255

length =      188

length =      385

length =      728

length =      449

length =      415

length =      584

length =      108

length =      309

length =      224

length =      688

length =      267

length =     1021

length =      124

length =      227

length =      386

length =      622

length =      270

length =      666

length =      664

length =      100

length =       30

length =       34

length =      524

length =       47

length =       29

length =      550

length =      370

length =      317

length =      274

length =      937

length =     1301

length =      699

length =      382

length =      372

length =      541

length =      228

length =      271

length =      239

length =      250

length =       60

length =      176

length =      242

length =     1310

length =      275

length =       94

length =      109

length =      184

length =      312

length =      711

length =      111

length =      623

length =     5473

length =      953

length =      415

length =      454

length =     1070

length =      311

length =      964

length =      269

length =      161

length =      205

length =      152

length =      518

length =      631

length =      166

length =      629

length =      130

length =      314

length =      591

length =      534

length =      744

length =      338

length =      350

length =      293

length =      229

length =      365

length =      348

length =      368

length =      696

length =      356

length =      288

length =     1021

length =      125

length =      658

length =      246

length =      334

length =      197

length =      199

length =      368

length =      559

length =       96

length =      180

length =      470

length =      401

length =      381

length =     1856

length =      129

length =      140

length =      282

length =     1954

length =      414

length =      292

length =      620

length =      512

length =      385

length =      403

length =      385

length =      196

length =      659

length =      657

length =      657

length =      192

length =      382

length =      189

length =      230

length =      164

length =      172

length =      233

length =      802

length =      314

length =      290

length =      659

length =      315

length =      174

length =      461

length =      333

length =      569

length =      471

length =      587

length =      612

length =      237

length =      342

length =       29

length =      827

length =      902

length =      132

length =      509

length =      322

length =      506

length =      756

length =      204

length =      139

length =      199

length =      130

length =      966

length =      570

length =      373

length =      458

length =      133

length =      237

length =      252

length =      404

length =      425

length =      328

length =      461

length =      382

length =      388

length =      402

length =      372

length =      883

length =      292

length =      590

length =      308

length =      502

length =      429

length =      151

length =      450

length =      335

length =        0

length =      897

length =      388

length =        0

length =        0

length =        0

length =        0

length =      195

length =      151

length =      157

length =        0

length =      124

length =      322

length =      305

length =      553

length =       87

length =      194

length =      488

length =      187

length =      342

length =      630

length =      501

length =      782

length =     2438

length =      669

length =      669

length =      599

length =      432

length =       28

length =      195

length =      238

length =      201

length =      976

length =      244

length =      888

length =      250

length =      226

length =      680

length =      790

length =      220

length =     1225

length =      546

length =      340

length =      191

length =      266

length =      369

length =     1116

length =      502

length =      911

length =      203

length =       93

length =     1010

length =      790

length =      179

length =      642

length =      397

length =     1091

length =      520

length =       94

length =      546

length =      241

length =      450

length =      816

length =      215

length =     1048

length =      235

length =      235

length =      349

length =      515

length =      234

length =      513

length =      553

length =      542

length =      389

length =      265

length =      157

length =      309

length =      308

length =        0

length =      337

length =      354

length =      613

length =      515

length =      365

length =      308

length =      364

length =      308

length =      236

length =     1614

length =      126

length =      398

length =      581

length =      552

length =      472

length =     1217

length =      330

length =      505

length =      474

length =      514

length =      843

length =      448

length =      755

length =      457

length =      197

length =      732

length =      229

length =      211

length =      501

length =      337

length =      814

length =      250

length =      932

length =      181

length =      568

length =      921

length =      990

length =      467

length =      881

length =      463

length =      391

length =      857

length =      567

length =      381

length =      380

length =      326

length =      888

length =      565

length =     1020

length =      425

length =      312

length =      704

length =      170

length =      970

length =     1199

length =      553

length =       57

length =      849

length =      157

length =      518

length =      851

length =     1016

length =     1100

length =      425

length =      551

length =      421

length =      857

length =     1237

length =      270

length =      383

length =      200

length =        0

length =      761

length =      406

length =      907

length =      257

length =      508

length =      287

length =      678

length =      613

length =      652

length =      984

length =      618

length =      734

length =      236

length =      814

length =      527

length =      217

length =      283

length =      223

length =      357

length =      828

length =      847

length =      254

length =      335

length =      907

length =      204

length =     1066

length =      461

length =      460

length =      275

length =       70

length =      310

length =      149

length =      449

length =       29

length =      371

length =      396

length =      464

length =      162

length =      176

length =      313

length =      148

length =      144

length =      252

length =      132

length =      337

length =      607

length =       65

length =       65

length =       91

length =       65

length =      137

length =      185

length =      271

length =      728

length =      519

length =      254

length =      125

length =      428

length =      145

length =      326

length =      738

length =      771

length =      415

length =      370

length =      376

length =      198

length =      359

length =       50

length =       79

length =      110

length =      310

length =      123

length =      459

length =     1604

length =      621

length =      276

length =      193

length =      385

length =      216

length =      249

length =     1125

length =     1062

length =      288

length =      142

length =      468

length =      718

length =      768

length =      230

length =      257

length =      113

length =      786

length =      181

length =      136

length =      258

length =      111

length =      555

length =      266

length =      104

length =      219

length =      650

length =      184

length =      174

length =      597

length =     1131

length =      794

length =       50

length =      776

length =      725

length =      225

length =      228

length =      983

length =      186

length =      156

length =      202

length =      179

length =      191

length =       46

length =      145

length =       66

length =       52

length =      141

length =      488

length =      183

length =      214

length =      526

length =      216

length =       65

length =      366

length =      219

length =      231

length =      318

length =      278

length =      312

length =       57

length =      106

length =      226

length =      261

length =      203

length =      252

length =      236

length =      187

length =      136

length =      240

length =      459

length =      267

length =      596

length =      170

length =      127

length =      168

length =      185

length =      211

length =      293

length =      401

length =      129

length =      107

length =      133

length =      190

length =     3926

length =      533

length =       66

length =      264

length =      273

length =        0

length =        0

length =        0

length =      566

length =        0

length =        0

length =        0

length =        0

length =        0

length =        0

length =        0

length =        0

length =      769

length =      270

length =      134

length =      412

length =      219

length =      237

length =      855

length =      642

length =      344

length =      169

length =      265

length =     1011

length =      861

length =       52

length =      299

length =      283

length =      298

length =      299

length =      301

length =      301

length =      300

length =      299

length =      300

length =      297

length =      298

length =      299

length =      300

length =      298

length =      681

length =      339

length =      302

length =      304

length =      306

length =      302

length =      305

length =      304

length =      305

length =      303

length =      304

length =      303

length =      303

length =      304

length =      303

length =      303

length =      435

length =      890

length =      250

length =      329

length =      149

length =      149

length =       44

length =      108

length =      918

length =      899

length =      138

length =      522

length =      151

length =      378

length =      105

length =      213

length =      621

length =      308

length =      188

length =      708

length =      530

length =      194

length =      516

length =     1080

length =      261

length =      259

length =      412

length =      306

length =      393

length =      220

length =      169

length =       38

length =      108

length =      139

length =      784

length =      328

length =      328

length =      182

length =      356

length =      687

length =      113

length =      475

length =      782

length =      529

length =      787

length =     1014

length =      796

length =       92

length =       31

length =      182

length =       88

length =       98

length =      169

length =      391

length =       38

length =       27

length =       68

length =       67

length =      365

length =     1019

length =     1186

length =      885

length =      591

length =     1230

length =      586

length =      311

length =      303

length =      914

length =      150

length =      136

length =      141

length =      189

length =      348

length =      360

length =      453

length =      790

length =      852

length =      261

length =      191

length =      129

length =      225

length =      361

length =      245

length =      274

length =      543

length =      256

length =       33

length =      445

length =      122

length =      287

length =      286

length =      297

length =      675

length =       92

length =      169

length =       82

length =      273

length =      432

length =      585

length =      605

length =       22

length =      322

length =      375

length =     1551

length =      307

length =      220

length =      221

length =      324

length =      240

length =      149

length =      662

length =       81

length =       97

length =      349

length =      640

length =      336

length =      447

length =     1147

length =      447

length =      890

length =      343

length =      233

length =      516

length =      215

length =     1357

length =      731

length =        0

length =        0

length =        0

length =      925

length =     1286

length =      589

length =      131

length =      915

length =       61

length =      174

length =      864

length =      368

length =      965

length =      532

length =      339

length =      851

length =      883

length =      206

length =     1109

length =       87

length =      347

length =      238

length =     1020

length =      414

length =      102

length =     1266

length =      889

length =      872

length =      388

length =       22

length =      210

length =      250

length =        0

length =      383

length =      445

length =      305

length =       95

length =      293

length =      338

length =      750

length =        0

length =      318

length =      486

length =      247

length =      495

length =      338

length =      940

length =      940

length =      301

length =      387

length =      386

length =      527

length =      524

length =     1065

length =      490

length =      385

length =      404

length =      174

length =      195

length =      738

length =      263

length =     1318

length =     1147

length =      583

length =      464

length =      313

length =      347

length =        0

length =      599

length =      427

length =      358

length =      225

length =     1170

length =      600

length =      808

length =      187

length =      683

length =     1116

length =      450

length =      103

length =      505

length =      110

length =      150

length =      389

length =      179

length =      907

length =       20

length =      569

length =      690

length =        0

length =      116

length =      204

length =        0

length =      342

length =      506

length =      332

length =      406

length =      476

length =      474

length =      474

length =      475

length =      475

length =      471

length =      530

length =      539

length =      529

length =      539

length =      603

length =      529

length =      281

length =      771

length =      355

length =      143

length =      143

length =      247

length =      160

length =      185

length =      358

length =      377

length =      433

length =      433

length =      428

length =      428

length =      367

length =      426

length =      426

length =      419

length =      418

length =        0

length =      673

length =      625

length =      475

length =      458

length =      303

length =      560

length =      536

length =      243

length =      503

length =      136

length =      302

length =      391

length =      445

length =      360

length =        0

length =      393

length =      359

length =      628

length =      383

length =        0

length =      421

length =      268

length =      421

length =      205

length =      206

length =      213

length =      538

length =      243

length =      152

length =     1137

length =        0

length =        0

length =     2111

length =        0

length =     1190

length =     1186

length =     1580

length =     1585

length =     1356

length =     1362

length =     1188

length =     1572

length =     1578

length =     1358

length =     1355

length =      379

length =      429

length =      632

length =      555

length =      459

length =       43

length =      420

length =      271

length =      246

length =        0

length =      649

length =      156

length =      246

length =        0

length =      469

length =      293

length =      326

length =      398

length =        0

length =        0

length =        0

length =      182

length =     1499

length =      125

length =      134

length =      134

length =      124

length =      124

length =       61

length =      341

length =      110

length =      789

length =      120

length =      366

length =      681

length =      203

length =      876

length =      893

length =        0

length =      328

length =      161

length =      158

length =      164

length =      176

length =      167

length =      173

length =     1347

length =        0

length =      357

length =      384

length =      154

length =      154

length =        0

length =        0

length =       95

length =      239

length =        0

length =        0

length =        0

length =      160

length =      770

length =        0

length =      438

length =      597

length =      399

length =      287

length =        0

length =      685

length =      476

length =      586

length =      318

length =      344

length =      371

length =      489

length =      148

length =      383

length =      307

length =      106

length =      455

length =      497

length =      254

length =      200

length =      950

length =      222

length =      191

length =      189

length =      195

length =      200

length =      251

length =      194

length =      180

length =      204

length =      103

length =      634

length =      316

length =      317

length =      504

length =      536

length =      237

length =      659

length =      308

length =       24

length =      407

length =      630

length =     1329

length =      854

length =      583

length =      753

length =     1055

length =      728

length =        0

length =        0

length =      248

length =        0

length =        0

length =        0

length =      638

length =      628

length =      377

length =      376

length =      686

length =      686

length =      438

length =      607

length =        0

length =        0

length =        0

length =        0

length =        0

length =        0

length =        0

length =     1472

length =        0

length =        0

length =        0

length =        0

length =        0

length =        0

length =        0

length =        0

length =        0

length =      807

length =      541

length =       37

length =       22

length =      358

length =      186

length =      872

length =      571

length =      597

length =      266

length =      301

length =       90

length =      156

length =      146

length =        0

length =        0

length =     1181

length =     1366

length =      208

length =      253

length =      906

length =      906

length =      439

length =      420

length =      221

length =      190

length =      433

length =      640

length =      762

length =      283

length =     1060

length =      634

length =      499

length =      272

length =      325

length =      382

length =      378

length =      228

length =      314

length =      303

length =      264

length =      383

length =      398

length =      339

length =      383

length =      299

length =      333

length =      480

length =      594

length =      352

length =     1363

length =      355

length =      661

length =      363

length =      364

length =      363

length =      331

length =      635

length =      494

length =      295

length =        0

length =        0

length =      304

length =      962

length =      401

length =      669

length =      157

length =     1270

length =      254

length =      243

length =      274

length =       39

length =      727

length =       54

length =      386

length =       40

length =       77

length =      366

length =      101

length =      613

length =      437

length =      698

length =      434

length =     1595

length =      376

length =      221

length =      449

maximum length:    10785
 in netpbm
